SQL> spool
currently spooling to p6.lst
SQL> SELECT A
  2  FROM ASIGNATURA
  3  WHERE CAS IN (SELECT CAS
  4  FROM PLAN_DOCENTE
  5  WHERE ;
WHERE 
     *
ERROR at line 5:
ORA-00936: missing expression 


SQL> SELECT A
  2  FROM ASIGNATURA
  3  WHERE MAX(DISTINCT CT);
WHERE MAX(DISTINCT CT)
      *
ERROR at line 3:
ORA-00934: group function is not allowed here 


SQL> SELECT A
  2  FROM ASIGNATURA
  3  WHERE CT=MAX(DISTINCT CT);
WHERE CT=MAX(DISTINCT CT)
         *
ERROR at line 3:
ORA-00934: group function is not allowed here 


SQL> SELECT A
  2  FROM ASIGNATURA
  3  WHERE CT=(SELECT MAX(DISTINCT CT));
WHERE CT=(SELECT MAX(DISTINCT CT))
                                 *
ERROR at line 3:
ORA-00923: FROM keyword not found where expected 


SQL> SELECT A
  2  FROM ASIGNATURA
  3  WHERE CT=(SELECT MAX (DISTINCT CT
  4  FROM ASIGNATURA);
WHERE CT=(SELECT MAX (DISTINCT CT
          *
ERROR at line 3:
ORA-00921: unexpected end of SQL command 


SQL> SELECT A
  2  FROM ASIGNATURA WHERE CT IN (SELECT MAX(DISTINCT CT
  3  FROM ASIGNATURA);
FROM ASIGNATURA)
*
ERROR at line 3:
ORA-00907: missing right parenthesis 


SQL> SELECT A
  2  FROM ASIGNATURA WHERE CT IN (SELECT MAX(DISTINCT CT
  3  FROM ASIGNATURA));
FROM ASIGNATURA))
*
ERROR at line 3:
ORA-00907: missing right parenthesis 


SQL> SELECT A
  2  FROM ASIGNATURA WHERE CT IN (SELECT MAX(DISTINCT CT)
  3  FROM ASIGNATURA));
FROM ASIGNATURA))
                *
ERROR at line 3:
ORA-00933: SQL command not properly ended 


SQL> SELECT A
  2  FROM ASIGNATURA WHERE CT IN (SELECT MAX(DISTINCT CT)
  3  FROM ASIGNATURA);

A                                                                               
--------------------------------------------------                              
ENSENANZA DE LA MATEMATICA                                                      

SQL> SELECT A
  2  FROM ASIGNATURA WHERE CT IN (SELECT MIN (DISTINCT CT)
  3  FROM ASIGNATURA);

A                                                                               
--------------------------------------------------                              
INTELIGENCIA ARTIFICIAL                                                         
ALMACENES DE DATOS                                                              
MINERIA DE DATOS                                                                

SQL> SELECT A, CT+CP+CL
  2  FROM ASIGNATURA;

A                                                    CT+CP+CL                   
-------------------------------------------------- ----------                   
BASES DE DATOS                                              6                   
INTELIGENCIA ARTIFICIAL                                     6                   
ALMACENES DE DATOS                                          3                   
MINERIA DE DATOS                                            3                   
INFORMATICA BASICA                                          6                   
ALGEBRA                                                     6                   
CALCULO                                                     6                   
OPTIMIZACION                                                6                   
GESTION DE RIESGOS                                          6                   
ASTRONOMIA                                                  6                   
ENSENANZA DE LA MATEMATICA                                  6                   

A                                                    CT+CP+CL                   
-------------------------------------------------- ----------                   
ANALISIS COMPLEJO                                         7.5                   

12 rows selected.

SQL> SELECT A
  2  FROM ASIGNATURA
  3  WHERE CP+CL+CT IN (SELECT MAX(CP+CL+CT)
  4  FROM ASIGNATURA);

A                                                                               
--------------------------------------------------                              
ANALISIS COMPLEJO                                                               

SQL> SELECT A
  2  FROM ASIGNATURA);
FROM ASIGNATURA)
               *
ERROR at line 2:
ORA-00933: SQL command not properly ended 


SQL> SELECT A
  2  FROM ASIGNATURA
  3  WHERE CP+CL+CT IN (SELECT MAX(CP+CL+CT)
  4  ;

*
ERROR at line 4:
ORA-00923: FROM keyword not found where expected 


SQL> SELECT A
  2  FROM ASIGNATURA
  3  WHERE CP+CL+CT IN (SELECT MIN(CP+CL+CT)
  4  FROM ASIGNATURA;
FROM ASIGNATURA
              *
ERROR at line 4:
ORA-00907: missing right parenthesis 


SQL> SELECT A
  2  FROM ASIGNATURA
  3  WHERE CP+CL+CT IN (SELECT MIN(CP+CL+CT)
  4  FROM ASIGNATURA);

A                                                                               
--------------------------------------------------                              
ALMACENES DE DATOS                                                              
MINERIA DE DATOS                                                                

SQL> SELECT AR
  2  FROM AREA
  3  WHERE CAR IN (SELECT CAR
  4  FROM ASIGNATURA
  5  WHERE CT+CP+CL IN (SELECT MAX(DISTINCT CT+CP+CL)
  6  FROM ASIGNATURA));

AR                                                                              
------------------------------------------------------------                    
ANALISIS MATEMATICO                                                             

SQL> SELECT COUNT (A)
  2  FROM ASIGNATURA
  3  WHERE CAR IN (SELECT CAR
  4  FROM PROFESOR
  5  WHERE DNI=1111);

  COUNT(A)                                                                      
----------                                                                      
         1                                                                      

SQL> SELECT CT+CL+CP
  2  FROM ASIGNATURA
  3  WHERE CAR IN (SELECT CAR
  4  FROM PROFESOR
  5  WHERE DNI=1111);

  CT+CL+CP                                                                      
----------                                                                      
         6                                                                      

SQL> SELECT P
  2  FROM PROFESOR
  3  WHERE CAR IN (SELECT CAR
  4  FROM ASIGNATURA
  5  WHERE CT+CP+CL IN (SELECT MAX( DISTINCT CT+CP+CL)
  6  FROM ASIGNATURA));

P                                                                               
------------------------------------------------------------                    
MARIO                                                                           

SQL> SELECT AVG (DISTINCT A)
  2  FROM ASIGNATURA
  3  WHERE CAR ;
WHERE CAR 
         *
ERROR at line 3:
ORA-00920: invalid relational operator 


SQL> SELECT AR, AVG(A)
  2  FROM AREA A1, ASIGNATURA A2
  3  ;
SELECT AR, AVG(A)
       *
ERROR at line 1:
ORA-00937: not a single-group group function 


SQL> EXIT
